T1-grasslands T2-farms T3-green_belt
T1-suburbs T2-downtown T3-village T4-grasslands T5-farms T6-green_belt
T1-clouds T2-metropolis T3-mountain T4-suburbs T5-downtown T6-village T7-grasslands T8-farms T9-green_belt
T1-wetlands T2-industrial T3-treetop T4-clouds T5-metropolis T6-mountain T7-suburbs T8-downtown T9-village T10-grasslands
T1-desert T2-desert T3-desert T4-wetlands T5-industrial T6-treetop T7-clouds T8-metropolis T9-mountain T10-suburbs
T4-desert T5-desert T6-desert T7-wetlands T8-industrial T9-treetop T10-clouds
T7-desert T8-desert T9-desert T10-wetlands
T10-desert