test22  -displays "Error" on stderr when the end station does not exist.