finds more than one valid route for 3 trains between waterloo and st_pancras in the London Network Map