test19 -It displays "Error" on stderr when too many command line arguments are used.
