test24- err10   -displays "Error" on stderr when any of the coordinates are not valid positive integers.