T1-verdi T3-handel
T1-part T2-verdi T3-mozart T5-handel
T2-part T3-part T4-verdi T5-mozart T7-handel
T4-part T5-part T6-verdi T7-mozart T9-handel
T6-part T7-part T8-verdi T9-mozart
T8-part T9-part