displays "Error" on stderr when duplicate routes exist between two stations, including in reverse.