test18 -displays "Error" on stderr when too few command line arguments are used