Expected the reviewer to come up with a situation.