test21 -err7    -displays "Error" on stderr when the start station does not exist.