test23 -err9    -displays "Error" on stderr when the start and end station are the same.