 It can find more than one route for 2 trains between waterloo and st_pancras for the London Network Map